
Aspire@Acer MINGW64 /
$ cd "E:\Working\PHP\TODO\smtp"

Aspire@Acer MINGW64 /e/Working/PHP/TODO/smtp
$ php --version
PHP 7.0.9 (cli) (built: Jul 20 2016 11:08:23) ( ZTS )
Copyright (c) 1997-2016 The PHP Group
Zend Engine v3.0.0, Copyright (c) 1998-2016 Zend Technologies

Aspire@Acer MINGW64 /e/Working/PHP/TODO/smtp
$ composer --version
Composer version 1.2.1 2016-09-12 11:27:19

Aspire@Acer MINGW64 /e/Working/PHP/TODO/smtp
$ composer
   ______
  / ____/___  ____ ___  ____  ____  ________  _____
 / /   / __ \/ __ `__ \/ __ \/ __ \/ ___/ _ \/ ___/
/ /___/ /_/ / / / / / / /_/ / /_/ (__  )  __/ /
\____/\____/_/ /_/ /_/ .___/\____/____/\___/_/
                    /_/
Composer version 1.2.1 2016-09-12 11:27:19

Usage:
  command [options] [arguments]

Options:
  -h, --help                     Display this help message
  -q, --quiet                    Do not output any message
  -V, --version                  Display this application version
      --ansi                     Force ANSI output
      --no-ansi                  Disable ANSI output
  -n, --no-interaction           Do not ask any interactive question
      --profile                  Display timing and memory usage information
      --no-plugins               Whether to disable plugins.
  -d, --working-dir=WORKING-DIR  If specified, use the given directory as working directory.
  -v|vv|vvv, --verbose           Increase the verbosity of messages: 1 for normal output, 2 for more verbose output and 3 for debug

Available commands:
  about           Short information about Composer
  archive         Create an archive of this composer package
  browse          Opens the package's repository URL or homepage in your browser.
  clear-cache     Clears composer's internal package cache.
  clearcache      Clears composer's internal package cache.
  config          Set config options
  create-project  Create new project from a package into given directory.
  depends         Shows which packages cause the given package to be installed
  diagnose        Diagnoses the system to identify common errors.
  dump-autoload   Dumps the autoloader
  dumpautoload    Dumps the autoloader
  exec            Execute a vendored binary/script
  global          Allows running commands in the global composer dir ($COMPOSER_HOME).
  help            Displays help for a command
  home            Opens the package's repository URL or homepage in your browser.
  info            Show information about packages
  init            Creates a basic composer.json file in current directory.
  install         Installs the project dependencies from the composer.lock file if present, or falls back on the composer.json.
  licenses        Show information about licenses of dependencies
  list            Lists commands
  outdated        Shows a list of installed packages that have updates available, including their latest version.
  prohibits       Shows which packages prevent the given package from being installed
  remove          Removes a package from the require or require-dev
  require         Adds required packages to your composer.json and installs them
  run-script      Run the scripts defined in composer.json.
  search          Search for packages
  self-update     Updates composer.phar to the latest version.
  selfupdate      Updates composer.phar to the latest version.
  show            Show information about packages
  status          Show a list of locally modified packages
  suggests        Show package suggestions
  update          Updates your dependencies to the latest version according to composer.json, and updates the composer.lock file.
  validate        Validates a composer.json and composer.lock
  why             Shows which packages cause the given package to be installed
  why-not         Shows which packages prevent the given package from being installed

Aspire@Acer MINGW64 /e/Working/PHP/TODO/smtp
$ composer require phpmailer/phpmailer
Using version ^5.2 for phpmailer/phpmailer
./composer.json has been created
Loading composer repositories with package information
Updating dependencies (including require-dev)
  - Installing phpmailer/phpmailer (v5.2.16)
    Downloading: 100%

phpmailer/phpmailer suggests installing league/oauth2-google (Needed for Google XOAUTH2 authentication)
Writing lock file
Generating autoload files

Aspire@Acer MINGW64 /e/Working/PHP/TODO/smtp
$ composer show
phpmailer/phpmailer v5.2.16 PHPMailer is a full-featured email creation and transfer class for PHP

Aspire@Acer MINGW64 /e/Working/PHP/TODO/smtp
$ php smtp_gmail.php
Mailer Error: Message body empty
Aspire@Acer MINGW64 /e/Working/PHP/TODO/smtp
$ php smtp_gmail.php
SERVER -&gt; CLIENT: 220 smtp.gmail.com ESMTP xn11sm29573033pac.38 - gsmtp<br>
CLIENT -&gt; SERVER: EHLO Acer<br>
SERVER -&gt; CLIENT: 250-smtp.gmail.com at your service, [117.209.237.201]250-SIZE 35882577250-8BITMIME250-STARTTLS250-ENHANCEDSTATUSCODES250-PIPELINING250-CHUNKING250 SMTPUTF8<br>

CLIENT -&gt; SERVER: STARTTLS<br>
SERVER -&gt; CLIENT: 220 2.0.0 Ready to start TLS<br>
CLIENT -&gt; SERVER: EHLO Acer<br>
SERVER -&gt; CLIENT: 250-smtp.gmail.com at your service, [117.209.237.201]250-SIZE 35882577250-8BITMIME250-AUTH LOGIN PLAIN XOAUTH2 PLAIN-CLIENTTOKEN OAUTHBEARER XOAUTH250-ENHANCED
STATUSCODES250-PIPELINING250-CHUNKING250 SMTPUTF8<br>
CLIENT -&gt; SERVER: AUTH LOGIN<br>
SERVER -&gt; CLIENT: 334 VXNlcm5hbWU6<br>
CLIENT -&gt; SERVER: cmFqYW5pZWxlY3Ryb25pY21haWxAZ21haWwuY29t<br>
SERVER -&gt; CLIENT: 334 UGFzc3dvcmQ6<br>
CLIENT -&gt; SERVER: QSQxIyVaZXRh<br>
SERVER -&gt; CLIENT: 235 2.7.0 Accepted<br>
CLIENT -&gt; SERVER: MAIL FROM:&lt;#####@gmail.com&gt;<br>
SERVER -&gt; CLIENT: 250 2.1.0 OK xn11sm29573033pac.38 - gsmtp<br>
CLIENT -&gt; SERVER: RCPT TO:&lt;#*#*#@gmail.com&gt;<br>
SERVER -&gt; CLIENT: 250 2.1.5 OK xn11sm29573033pac.38 - gsmtp<br>
CLIENT -&gt; SERVER: DATA<br>
SERVER -&gt; CLIENT: 354  Go ahead xn11sm29573033pac.38 - gsmtp<br>
CLIENT -&gt; SERVER: Date: Sun, 30 Oct 2016 11:25:01 +0100<br>
CLIENT -&gt; SERVER: To: R &lt;#*#*#@gmail.com&gt;<br>
CLIENT -&gt; SERVER: From: ##### &lt;#####@gmail.com&gt;<br>
CLIENT -&gt; SERVER: Subject: Email using PHP<br>
CLIENT -&gt; SERVER: Message-ID: &lt;da3d31f838f114016a265421ba03fc90@Acer&gt;<br>
CLIENT -&gt; SERVER: X-Mailer: PHPMailer 5.2.16 (https://github.com/PHPMailer/PHPMailer)<br>
CLIENT -&gt; SERVER: MIME-Version: 1.0<br>
CLIENT -&gt; SERVER: Content-Type: text/plain; charset=iso-8859-1<br>
CLIENT -&gt; SERVER: <br>
CLIENT -&gt; SERVER: Email using PHP Hello World!<br>
CLIENT -&gt; SERVER: <br>
CLIENT -&gt; SERVER: .<br>
SERVER -&gt; CLIENT: 250 2.0.0 OK 1477823110 xn11sm29573033pac.38 - gsmtp<br>
CLIENT -&gt; SERVER: QUIT<br>
SERVER -&gt; CLIENT: 221 2.0.0 closing connection xn11sm29573033pac.38 - gsmtp<br>
Message sent!
Aspire@Acer MINGW64 /e/Working/PHP/TODO/smtp
$ php smtp_outlook.php
SERVER -&gt; CLIENT: 220 BLU437-SMTP13.smtp.hotmail.com Microsoft ESMTP MAIL Service, Version: 8.0.9200.16384 ready at  Sun, 30 Oct 2016 03:31:55 -0700 <br>
CLIENT -&gt; SERVER: EHLO Acer<br>
SERVER -&gt; CLIENT: 250-BLU437-SMTP13.smtp.hotmail.com Hello [117.209.252.235]250-TURN250-SIZE 41943040250-ETRN250-PIPELINING250-DSN250-ENHANCEDSTATUSCODES250-8bitmime250-BINARYMI
ME250-CHUNKING250-VRFY250-TLS250-STARTTLS250 OK<br>
CLIENT -&gt; SERVER: STARTTLS<br>
SERVER -&gt; CLIENT: 220 2.0.0 SMTP server ready<br>
CLIENT -&gt; SERVER: EHLO Acer<br>
SERVER -&gt; CLIENT: 250-BLU437-SMTP13.smtp.hotmail.com Hello [117.209.252.235]250-TURN250-SIZE 41943040250-ETRN250-PIPELINING250-DSN250-ENHANCEDSTATUSCODES250-8bitmime250-BINARYMI
ME250-CHUNKING250-VRFY250-AUTH LOGIN PLAIN XOAUTH2250 OK<br>
CLIENT -&gt; SERVER: AUTH LOGIN<br>
SERVER -&gt; CLIENT: 334 VXNlcm5hbWU6<br>
CLIENT -&gt; SERVER: cmFqYW5paW50ZXJuZXRAb3V0bG9vay5jb20=<br>
SERVER -&gt; CLIENT: 334 UGFzc3dvcmQ6<br>
CLIENT -&gt; SERVER: QSQxIyVaZXRh<br>
SERVER -&gt; CLIENT: 235 2.7.0 Authentication succeeded<br>
CLIENT -&gt; SERVER: MAIL FROM:&lt;*#*#*@outlook.com&gt;<br>
SERVER -&gt; CLIENT: 250 2.1.0 *#*#*@outlook.com....Sender OK<br>
CLIENT -&gt; SERVER: RCPT TO:&lt;#*#*#@outlook.com&gt;<br>
SERVER -&gt; CLIENT: 250 2.1.5 #*#*#@outlook.com <br>
CLIENT -&gt; SERVER: DATA<br>
SERVER -&gt; CLIENT: 354 Start mail input; end with &lt;CRLF&gt;.&lt;CRLF&gt;<br>
CLIENT -&gt; SERVER: Date: Sun, 30 Oct 2016 11:31:55 +0100<br>
CLIENT -&gt; SERVER: To: R &lt;#*#*#@outlook.com&gt;<br>
CLIENT -&gt; SERVER: From: ##### &lt;*#*#*@outlook.com&gt;<br>
CLIENT -&gt; SERVER: Subject: Email using PHP<br>
CLIENT -&gt; SERVER: Message-ID: &lt;1980b131c5814d65ca95ed1fa9fc1750@Acer&gt;<br>
CLIENT -&gt; SERVER: X-Mailer: PHPMailer 5.2.16 (https://github.com/PHPMailer/PHPMailer)<br>
CLIENT -&gt; SERVER: MIME-Version: 1.0<br>
CLIENT -&gt; SERVER: Content-Type: text/plain; charset=iso-8859-1<br>
CLIENT -&gt; SERVER: <br>
CLIENT -&gt; SERVER: Email using PHP Hello World!<br>
CLIENT -&gt; SERVER: <br>
CLIENT -&gt; SERVER: .<br>
SERVER -&gt; CLIENT: 250 2.6.0  &lt;1980b131c5814d65ca95ed1fa9fc1750@Acer&gt; Queued mail for delivery<br>
CLIENT -&gt; SERVER: QUIT<br>
SERVER -&gt; CLIENT: 221 2.0.0 BLU437-SMTP13.smtp.hotmail.com Service closing transmission channel<br>
Message sent!
Aspire@Acer MINGW64 /e/Working/PHP/TODO/smtp
$
